// Jest Snapshot v1, https://goo.gl/fbAQLP

exports[`test Render ExpenseListItem correctly 1`] = `
<div>
  <Link
    replace={false}
    to="/edit/1"
  >
    <h3>
      Gum
    </h3>
  </Link>
  <p>
    198
     - 
    0
  </p>
</div>
`;
